<html>
<body>
<pre>
<h1>礦ision Build Log</h1>
<h2>Tool Versions:</h2>
IDE-Version: μVision V5.38.0.0
Copyright (C) 2022 ARM Ltd and ARM Germany GmbH. All rights reserved.
License Information: w w, w, LIC=8VRJ7-EH2YP-8TQ3P-MAEP5-89HMT-24G38
 
Tool Versions:
Toolchain:       MDK-ARM Plus  Version: 5.38.0.0
Toolchain Path:  D:\Keil\ARM\arm5_compiler\Bin
C Compiler:      Armcc.exe V5.06 update 7 (build 960)
Assembler:       Armasm.exe V5.06 update 7 (build 960)
Linker/Locator:  ArmLink.exe V5.06 update 7 (build 960)
Library Manager: ArmAr.exe V5.06 update 7 (build 960)
Hex Converter:   FromElf.exe V5.06 update 7 (build 960)
CPU DLL:         SARMCM3.DLL V5.38.0.0
Dialog DLL:      DCM.DLL V1.17.5.0
Target DLL:      STLink\ST-LINKIII-KEIL_SWO.dll V3.1.0.0
Dialog DLL:      TCM.DLL V1.56.4.0
 
<h2>Project:</h2>
D:\desktop\小车\黔行者2.0 - 调参 - 强制转向 - 避障 - 停止时后退\cube\MDK-ARM\smartcat-stm32f4.uvprojx
Project File Date:  10/16/2025

<h2>Output:</h2>
*** Using Compiler 'V5.06 update 7 (build 960)', folder: 'D:\Keil\ARM\arm5_compiler\Bin'
Rebuild target 'smartcat-stm32f4'
compiling turn.c...
..\..\Core\Src\turn.c(42): warning:  #1035-D: single-precision operand implicitly converted to double-precision
  	float radian_angle = ((180 - side_angle * 2) * PI) / 180.0;
..\..\Core\Src\turn.c(50): warning:  #1035-D: single-precision operand implicitly converted to double-precision
  		cos_goal_angle = (right_side * right_side + _side * _side - left_side * left_side) * 1.0/ (2 * right_side * _side);
..\..\Core\Src\turn.c: 2 warnings, 0 errors
assembling startup_stm32f407xx.s...
compiling pid.c...
..\..\Core\Src\pid.c(112): warning:  #1-D: last line of file ends without a newline
   */
..\..\Core\Src\pid.c: 1 warning, 0 errors
compiling Remote_OLED_display.c...
../../Core/Inc/Remote_OLED_display.h(149): warning:  #1-D: last line of file ends without a newline
  #endif /* __REMOTE_OLED_DISPLAY_H__ */
..\..\Core\Src\Remote_OLED_display.c(332): warning:  #1-D: last line of file ends without a newline
  }
..\..\Core\Src\Remote_OLED_display.c: 2 warnings, 0 errors
compiling linearRegression.c...
../../Core/Inc/linearRegression.h(59): warning:  #1-D: last line of file ends without a newline
  #endif
..\..\Core\Src\linearRegression.c(309): warning:  #1-D: last line of file ends without a newline
  }
..\..\Core\Src\linearRegression.c: 2 warnings, 0 errors
compiling stm32f4xx_hal_msp.c...
compiling motor.c...
..\..\Core\Src\motor.c(58): warning:  #1035-D: single-precision operand implicitly converted to double-precision
          motor1.speed = -(float)(motor1.totalCount - motor1.lastCount) 
..\..\Core\Src\motor.c(154): warning:  #1-D: last line of file ends without a newline
  }
..\..\Core\Src\motor.c: 2 warnings, 0 errors
compiling usart.c...
compiling stm32f4xx_it.c...
compiling sg90.c...
compiling oled.c...
..\..\Core\Src\oled.c(143): warning:  #223-D: function "sprintf" declared implicitly
  	sprintf((char*)buffer,"%.2f",num);
..\..\Core\Src\oled.c(144): warning:  #223-D: function "printf" declared implicitly
  	printf("%.2f\n",buffer);
..\..\Core\Src\oled.c: 2 warnings, 0 errors
compiling tim.c...
compiling gpio.c...
compiling ms200.c...
..\..\Core\Src\ms200.c(313): warning:  #1-D: last line of file ends without a newline
   */
..\..\Core\Src\ms200.c: 1 warning, 0 errors
compiling stm32f4xx_hal_rcc_ex.c...
compiling stm32f4xx_hal_flash.c...
compiling stm32f4xx_hal_rcc.c...
compiling main.c...
../../Core/Inc/Remote_OLED_display.h(149): warning:  #1-D: last line of file ends without a newline
  #endif /* __REMOTE_OLED_DISPLAY_H__ */
../../Core/Inc/linearRegression.h(59): warning:  #1-D: last line of file ends without a newline
  #endif
..\..\Core\Src\main.c(375): warning:  #223-D: function "memset" declared implicitly
  		memset(uart2_recv_buffer,0,UART2_RECV_BUFFER_SIZE);
..\..\Core\Src\main.c(633): warning:  #1035-D: single-precision operand implicitly converted to double-precision
  			double right_distance_cm = points[right_angle_index].distance / 10.0;
..\..\Core\Src\main.c(652): warning:  #1035-D: single-precision operand implicitly converted to double-precision
  			double left_distance_cm = points[left_angle_index].distance / 10.0;
..\..\Core\Src\main.c(835): warning:  #1035-D: single-precision operand implicitly converted to double-precision
              if(filtered_max_curvature < CURVATURE_SHARP_EXIT){
..\..\Core\Src\main.c(837): warning:  #1035-D: single-precision operand implicitly converted to double-precision
                  if(filtered_max_curvature >= CURVATURE_NORMAL_EXIT){
..\..\Core\Src\main.c(849): warning:  #1035-D: single-precision operand implicitly converted to double-precision
              else if(filtered_max_curvature < CURVATURE_NORMAL_EXIT){
..\..\Core\Src\main.c(886): warning:  #177-D: variable "pid_before_obstacle"  was declared but never referenced
          int pid_before_obstacle = current_pid_mode;
..\..\Core\Src\main.c(975): warning:  #177-D: variable "pid_before_obstacle"  was declared but never referenced
          int pid_before_obstacle = current_pid_mode;
..\..\Core\Src\main.c(551): warning:  #177-D: variable "timer"  was declared but never referenced
  	int timer = 0;
..\..\Core\Src\main.c(552): warning:  #177-D: variable "flag"  was declared but never referenced
  	int flag = 0;//-1 : ??    1 : ?? 
..\..\Core\Src\main.c: 12 warnings, 0 errors
compiling stm32f4xx_hal_tim_ex.c...
compiling stm32f4xx_hal_tim.c...
compiling stm32f4xx_hal_flash_ex.c...
compiling stm32f4xx_hal_flash_ramfunc.c...
compiling stm32f4xx_hal_pwr_ex.c...
compiling stm32f4xx_hal_gpio.c...
compiling stm32f4xx_hal_dma_ex.c...
compiling stm32f4xx_hal_cortex.c...
compiling stm32f4xx_hal.c...
compiling system_stm32f4xx.c...
compiling stm32f4xx_hal_pwr.c...
compiling stm32f4xx_hal_exti.c...
compiling stm32f4xx_hal_dma.c...
compiling stm32f4xx_hal_uart.c...
linking...
Program Size: Code=29250 RO-data=3734 RW-data=1088 ZI-data=7352  
FromELF: creating hex file...
"smartcat-stm32f4\smartcat-stm32f4.axf" - 0 Error(s), 24 Warning(s).

<h2>Software Packages used:</h2>

Package Vendor: ARM
                http://www.keil.com/pack/ARM.CMSIS.5.9.0.pack
                ARM.CMSIS.5.9.0
                CMSIS (Common Microcontroller Software Interface Standard)
   * Component: CORE Version: 5.6.0

Package Vendor: Keil
                https://www.keil.com/pack/Keil.STM32F4xx_DFP.3.1.0.pack
                Keil.STM32F4xx_DFP.3.1.0
                STMicroelectronics STM32F4 Series Device Support

<h2>Collection of Component include folders:</h2>
  ./RTE/_smartcat-stm32f4
  D:/Keil Core/ARM/CMSIS/5.9.0/CMSIS/Core/Include

<h2>Collection of Component Files used:</h2>

   * Component: ARM::CMSIS:CORE:5.6.0
Build Time Elapsed:  00:00:04
</pre>
</body>
</html>
